interactions:
- request:
    body: '{"batch": {"shipments": [{"to_address": {"name": "Dr. Steve Brule", "street1":
      "179 N Harbor Dr", "city": "Redondo Beach", "state": "CA", "zip": "90277", "country":
      "US", "phone": "8573875756", "email": "dr_steve_brule@gmail.com"}, "from_address":
      {"name": "EasyPost", "street1": "417 Montgomery Street", "street2": "5th Floor",
      "city": "San Francisco", "state": "CA", "zip": "94104", "country": "US", "phone":
      "4153334445", "email": "support@easypost.com"}, "parcel": {"length": "20.2",
      "width": "10.9", "height": "5", "weight": "65.9"}, "customs_info": {"customs_certify":
      "true", "customs_signer": "Steve Brule", "contents_type": "merchandise", "contents_explanation":
      "", "restriction_type": "none", "eel_pfc": "NOEEI 30.37(a)", "customs_items":
      [{"description": "T-shirt", "quantity": "1", "weight": "5", "value": "10", "code":
      "123", "hs_tariff_number": "123456", "origin_country": "US"}]}, "service": "Priority",
      "carrier": "USPS", "carrier_accounts": ["ca_b25657e9896e4d63ac8151ac346ac41e"]}]}}'
    headers:
      Accept:
      - '*/*'
      Accept-Encoding:
      - gzip, deflate
      Connection:
      - keep-alive
      Content-Length:
      - '1002'
      Content-Type:
      - application/json
      authorization:
      - <REDACTED>
      user-agent:
      - <REDACTED>
    method: POST
    uri: https://api.easypost.com/v2/batches
  response:
    body:
      string: '{"id": "batch_ab8e9b4b2f10414085045a1e281e5dc9", "object": "Batch",
        "mode": "test", "state": "creating", "num_shipments": 1, "reference": null,
        "created_at": "2024-01-19T21:39:38Z", "updated_at": "2024-01-19T21:39:38Z",
        "scan_form": null, "shipments": [], "status": {"created": 0, "queued_for_purchase":
        0, "creation_failed": 0, "postage_purchased": 0, "postage_purchase_failed":
        0}, "pickup": null, "label_url": null}'
    headers:
      cache-control:
      - private, no-cache, no-store
      content-length:
      - '384'
      content-type:
      - application/json; charset=utf-8
      expires:
      - '0'
      pragma:
      - no-cache
      referrer-policy:
      - strict-origin-when-cross-origin
      strict-transport-security:
      - max-age=31536000; includeSubDomains; preload
      transfer-encoding:
      - chunked
      x-backend:
      - easypost
      x-content-type-options:
      - nosniff
      x-download-options:
      - noopen
      x-ep-request-uuid:
      - 479b01f865aaec1ae78b9ae3000ca8b1
      x-frame-options:
      - SAMEORIGIN
      x-node:
      - bigweb31nuq
      x-permitted-cross-domain-policies:
      - none
      x-proxied:
      - intlb1nuq 1a7e326d32
      - extlb2nuq 003ad9bca0
      x-runtime:
      - '0.086198'
      x-version-label:
      - easypost-202401191855-c1565c253c-master
      x-xss-protection:
      - 1; mode=block
    status:
      code: 200
      message: OK
- request:
    body: '{"batch": {"shipments": [{"to_address": {"name": "Dr. Steve Brule", "street1":
      "179 N Harbor Dr", "city": "Redondo Beach", "state": "CA", "zip": "90277", "country":
      "US", "phone": "8573875756", "email": "dr_steve_brule@gmail.com"}, "from_address":
      {"name": "EasyPost", "street1": "417 Montgomery Street", "street2": "5th Floor",
      "city": "San Francisco", "state": "CA", "zip": "94104", "country": "US", "phone":
      "4153334445", "email": "support@easypost.com"}, "parcel": {"length": "20.2",
      "width": "10.9", "height": "5", "weight": "65.9"}, "customs_info": {"customs_certify":
      "true", "customs_signer": "Steve Brule", "contents_type": "merchandise", "contents_explanation":
      "", "restriction_type": "none", "eel_pfc": "NOEEI 30.37(a)", "customs_items":
      [{"description": "T-shirt", "quantity": "1", "weight": "5", "value": "10", "code":
      "123", "hs_tariff_number": "123456", "origin_country": "US"}]}, "service": "Priority",
      "carrier": "USPS", "carrier_accounts": ["ca_b25657e9896e4d63ac8151ac346ac41e"]}]}}'
    headers:
      Accept:
      - '*/*'
      Accept-Encoding:
      - gzip, deflate
      Connection:
      - keep-alive
      Content-Length:
      - '1002'
      Content-Type:
      - application/json
      authorization:
      - <REDACTED>
      user-agent:
      - <REDACTED>
    method: POST
    uri: https://api.easypost.com/v2/batches
  response:
    body:
      string: '{"id": "batch_f9d47e9160d646b18cb83b9a393795cf", "object": "Batch",
        "mode": "test", "state": "creating", "num_shipments": 1, "reference": null,
        "created_at": "2024-01-19T21:42:59Z", "updated_at": "2024-01-19T21:42:59Z",
        "scan_form": null, "shipments": [], "status": {"created": 0, "queued_for_purchase":
        0, "creation_failed": 0, "postage_purchased": 0, "postage_purchase_failed":
        0}, "pickup": null, "label_url": null}'
    headers:
      cache-control:
      - private, no-cache, no-store
      content-length:
      - '384'
      content-type:
      - application/json; charset=utf-8
      expires:
      - '0'
      pragma:
      - no-cache
      referrer-policy:
      - strict-origin-when-cross-origin
      strict-transport-security:
      - max-age=31536000; includeSubDomains; preload
      transfer-encoding:
      - chunked
      x-backend:
      - easypost
      x-content-type-options:
      - nosniff
      x-download-options:
      - noopen
      x-ep-request-uuid:
      - 479b01f265aaece3e78ba308000d2664
      x-frame-options:
      - SAMEORIGIN
      x-node:
      - bigweb36nuq
      x-permitted-cross-domain-policies:
      - none
      x-proxied:
      - intlb1nuq 1a7e326d32
      - extlb2nuq 003ad9bca0
      x-runtime:
      - '0.042840'
      x-version-label:
      - easypost-202401192104-eb5201a879-master
      x-xss-protection:
      - 1; mode=block
    status:
      code: 200
      message: OK
- request:
    body: '{"batch": {"shipments": [{"to_address": {"name": "Dr. Steve Brule", "street1":
      "179 N Harbor Dr", "city": "Redondo Beach", "state": "CA", "zip": "90277", "country":
      "US", "phone": "8573875756", "email": "dr_steve_brule@gmail.com"}, "from_address":
      {"name": "EasyPost", "street1": "417 Montgomery Street", "street2": "5th Floor",
      "city": "San Francisco", "state": "CA", "zip": "94104", "country": "US", "phone":
      "4153334445", "email": "support@easypost.com"}, "parcel": {"length": "20.2",
      "width": "10.9", "height": "5", "weight": "65.9"}, "customs_info": {"customs_certify":
      "true", "customs_signer": "Steve Brule", "contents_type": "merchandise", "contents_explanation":
      "", "restriction_type": "none", "eel_pfc": "NOEEI 30.37(a)", "customs_items":
      [{"description": "T-shirt", "quantity": "1", "weight": "5", "value": "10", "code":
      "123", "hs_tariff_number": "123456", "origin_country": "US"}]}, "service": "Priority",
      "carrier": "USPS", "carrier_accounts": ["ca_b25657e9896e4d63ac8151ac346ac41e"]}]}}'
    headers:
      Accept:
      - '*/*'
      Accept-Encoding:
      - gzip, deflate
      Connection:
      - keep-alive
      Content-Length:
      - '1002'
      Content-Type:
      - application/json
      authorization:
      - <REDACTED>
      user-agent:
      - <REDACTED>
    method: POST
    uri: https://api.easypost.com/v2/batches
  response:
    body:
      string: '{"id": "batch_aaf405f8c1144fcea6feee38bb54aa42", "object": "Batch",
        "mode": "test", "state": "creating", "num_shipments": 1, "reference": null,
        "created_at": "2024-01-19T21:46:48Z", "updated_at": "2024-01-19T21:46:48Z",
        "scan_form": null, "shipments": [], "status": {"created": 0, "queued_for_purchase":
        0, "creation_failed": 0, "postage_purchased": 0, "postage_purchase_failed":
        0}, "pickup": null, "label_url": null}'
    headers:
      cache-control:
      - private, no-cache, no-store
      content-length:
      - '384'
      content-type:
      - application/json; charset=utf-8
      expires:
      - '0'
      pragma:
      - no-cache
      referrer-policy:
      - strict-origin-when-cross-origin
      strict-transport-security:
      - max-age=31536000; includeSubDomains; preload
      transfer-encoding:
      - chunked
      x-backend:
      - easypost
      x-canary:
      - direct
      x-content-type-options:
      - nosniff
      x-download-options:
      - noopen
      x-ep-request-uuid:
      - f627fdab65aaedc8e78baba8001119fa
      x-frame-options:
      - SAMEORIGIN
      x-node:
      - bigweb32nuq
      x-permitted-cross-domain-policies:
      - none
      x-proxied:
      - intlb2nuq 1a7e326d32
      - extlb1nuq 003ad9bca0
      x-runtime:
      - '0.043570'
      x-version-label:
      - easypost-202401192104-eb5201a879-master
      x-xss-protection:
      - 1; mode=block
    status:
      code: 200
      message: OK
- request:
    body: '{"batch": {"shipments": [{"to_address": {"name": "Dr. Steve Brule", "street1":
      "179 N Harbor Dr", "city": "Redondo Beach", "state": "CA", "zip": "90277", "country":
      "US", "phone": "8573875756", "email": "dr_steve_brule@gmail.com"}, "from_address":
      {"name": "EasyPost", "street1": "417 Montgomery Street", "street2": "5th Floor",
      "city": "San Francisco", "state": "CA", "zip": "94104", "country": "US", "phone":
      "4153334445", "email": "support@easypost.com"}, "parcel": {"length": "20.2",
      "width": "10.9", "height": "5", "weight": "65.9"}, "customs_info": {"customs_certify":
      "true", "customs_signer": "Steve Brule", "contents_type": "merchandise", "contents_explanation":
      "", "restriction_type": "none", "eel_pfc": "NOEEI 30.37(a)", "customs_items":
      [{"description": "T-shirt", "quantity": "1", "weight": "5", "value": "10", "code":
      "123", "hs_tariff_number": "123456", "origin_country": "US"}]}, "service": "Priority",
      "carrier": "USPS", "carrier_accounts": ["ca_b25657e9896e4d63ac8151ac346ac41e"]}]}}'
    headers:
      Accept:
      - '*/*'
      Accept-Encoding:
      - gzip, deflate
      Connection:
      - keep-alive
      Content-Length:
      - '1002'
      Content-Type:
      - application/json
      authorization:
      - <REDACTED>
      user-agent:
      - <REDACTED>
    method: POST
    uri: https://api.easypost.com/v2/batches
  response:
    body:
      string: '{"id": "batch_80ce555d75d04a018c489297003edb95", "object": "Batch",
        "mode": "test", "state": "creating", "num_shipments": 1, "reference": null,
        "created_at": "2024-01-19T21:48:40Z", "updated_at": "2024-01-19T21:48:40Z",
        "scan_form": null, "shipments": [], "status": {"created": 0, "queued_for_purchase":
        0, "creation_failed": 0, "postage_purchased": 0, "postage_purchase_failed":
        0}, "pickup": null, "label_url": null}'
    headers:
      cache-control:
      - private, no-cache, no-store
      content-length:
      - '384'
      content-type:
      - application/json; charset=utf-8
      expires:
      - '0'
      pragma:
      - no-cache
      referrer-policy:
      - strict-origin-when-cross-origin
      strict-transport-security:
      - max-age=31536000; includeSubDomains; preload
      transfer-encoding:
      - chunked
      x-backend:
      - easypost
      x-canary:
      - direct
      x-content-type-options:
      - nosniff
      x-download-options:
      - noopen
      x-ep-request-uuid:
      - f627fda765aaee38e78bb0d300115ea7
      x-frame-options:
      - SAMEORIGIN
      x-node:
      - bigweb32nuq
      x-permitted-cross-domain-policies:
      - none
      x-proxied:
      - intlb1nuq 1a7e326d32
      - extlb1nuq 003ad9bca0
      x-runtime:
      - '0.044147'
      x-version-label:
      - easypost-202401192104-eb5201a879-master
      x-xss-protection:
      - 1; mode=block
    status:
      code: 200
      message: OK
- request:
    body: '{"batch": {"shipments": [{"to_address": {"name": "Dr. Steve Brule", "street1":
      "179 N Harbor Dr", "city": "Redondo Beach", "state": "CA", "zip": "90277", "country":
      "US", "phone": "8573875756", "email": "dr_steve_brule@gmail.com"}, "from_address":
      {"name": "EasyPost", "street1": "417 Montgomery Street", "street2": "5th Floor",
      "city": "San Francisco", "state": "CA", "zip": "94104", "country": "US", "phone":
      "4153334445", "email": "support@easypost.com"}, "parcel": {"length": "20.2",
      "width": "10.9", "height": "5", "weight": "65.9"}, "customs_info": {"customs_certify":
      "true", "customs_signer": "Steve Brule", "contents_type": "merchandise", "contents_explanation":
      "", "restriction_type": "none", "eel_pfc": "NOEEI 30.37(a)", "customs_items":
      [{"description": "T-shirt", "quantity": "1", "weight": "5", "value": "10", "code":
      "123", "hs_tariff_number": "123456", "origin_country": "US"}]}, "service": "Priority",
      "carrier": "USPS", "carrier_accounts": ["ca_b25657e9896e4d63ac8151ac346ac41e"]}]}}'
    headers:
      Accept:
      - '*/*'
      Accept-Encoding:
      - gzip, deflate
      Connection:
      - keep-alive
      Content-Length:
      - '1002'
      Content-Type:
      - application/json
      authorization:
      - <REDACTED>
      user-agent:
      - <REDACTED>
    method: POST
    uri: https://api.easypost.com/v2/batches
  response:
    body:
      string: '{"id": "batch_b65c12ef9d144befa107c9a87a331521", "object": "Batch",
        "mode": "test", "state": "creating", "num_shipments": 1, "reference": null,
        "created_at": "2024-01-19T21:57:41Z", "updated_at": "2024-01-19T21:57:41Z",
        "scan_form": null, "shipments": [], "status": {"created": 0, "queued_for_purchase":
        0, "creation_failed": 0, "postage_purchased": 0, "postage_purchase_failed":
        0}, "pickup": null, "label_url": null}'
    headers:
      cache-control:
      - private, no-cache, no-store
      content-length:
      - '384'
      content-type:
      - application/json; charset=utf-8
      expires:
      - '0'
      pragma:
      - no-cache
      referrer-policy:
      - strict-origin-when-cross-origin
      strict-transport-security:
      - max-age=31536000; includeSubDomains; preload
      transfer-encoding:
      - chunked
      x-backend:
      - easypost
      x-content-type-options:
      - nosniff
      x-download-options:
      - noopen
      x-ep-request-uuid:
      - 479b01f165aaf055e798bb77000f5762
      x-frame-options:
      - SAMEORIGIN
      x-node:
      - bigweb34nuq
      x-permitted-cross-domain-policies:
      - none
      x-proxied:
      - intlb2nuq 1a7e326d32
      - extlb2nuq 003ad9bca0
      x-runtime:
      - '0.042755'
      x-version-label:
      - easypost-202401192104-eb5201a879-master
      x-xss-protection:
      - 1; mode=block
    status:
      code: 200
      message: OK
- request:
    body: '{"batch": {"shipments": [{"to_address": {"name": "Dr. Steve Brule", "street1":
      "179 N Harbor Dr", "city": "Redondo Beach", "state": "CA", "zip": "90277", "country":
      "US", "phone": "8573875756", "email": "dr_steve_brule@gmail.com"}, "from_address":
      {"name": "EasyPost", "street1": "417 Montgomery Street", "street2": "5th Floor",
      "city": "San Francisco", "state": "CA", "zip": "94104", "country": "US", "phone":
      "4153334445", "email": "support@easypost.com"}, "parcel": {"length": "20.2",
      "width": "10.9", "height": "5", "weight": "65.9"}, "customs_info": {"customs_certify":
      "true", "customs_signer": "Steve Brule", "contents_type": "merchandise", "contents_explanation":
      "", "restriction_type": "none", "eel_pfc": "NOEEI 30.37(a)", "customs_items":
      [{"description": "T-shirt", "quantity": "1", "weight": "5", "value": "10", "code":
      "123", "hs_tariff_number": "123456", "origin_country": "US"}]}, "service": "Priority",
      "carrier": "USPS", "carrier_accounts": ["ca_b25657e9896e4d63ac8151ac346ac41e"]}]}}'
    headers:
      Accept:
      - '*/*'
      Accept-Encoding:
      - gzip, deflate
      Connection:
      - keep-alive
      Content-Length:
      - '1002'
      Content-Type:
      - application/json
      authorization:
      - <REDACTED>
      user-agent:
      - <REDACTED>
    method: POST
    uri: https://api.easypost.com/v2/batches
  response:
    body:
      string: '{"id": "batch_acec365db5e5469b9ae8eea0a7d97087", "object": "Batch",
        "mode": "test", "state": "creating", "num_shipments": 1, "reference": null,
        "created_at": "2024-01-19T22:00:54Z", "updated_at": "2024-01-19T22:00:54Z",
        "scan_form": null, "shipments": [], "status": {"created": 0, "queued_for_purchase":
        0, "creation_failed": 0, "postage_purchased": 0, "postage_purchase_failed":
        0}, "pickup": null, "label_url": null}'
    headers:
      cache-control:
      - private, no-cache, no-store
      content-length:
      - '384'
      content-type:
      - application/json; charset=utf-8
      expires:
      - '0'
      pragma:
      - no-cache
      referrer-policy:
      - strict-origin-when-cross-origin
      strict-transport-security:
      - max-age=31536000; includeSubDomains; preload
      transfer-encoding:
      - chunked
      x-backend:
      - easypost
      x-content-type-options:
      - nosniff
      x-download-options:
      - noopen
      x-ep-request-uuid:
      - 479b01f765aaf116e798c3d7000fe461
      x-frame-options:
      - SAMEORIGIN
      x-node:
      - bigweb34nuq
      x-permitted-cross-domain-policies:
      - none
      x-proxied:
      - intlb2nuq 1a7e326d32
      - extlb2nuq 003ad9bca0
      x-runtime:
      - '0.046893'
      x-version-label:
      - easypost-202401192104-eb5201a879-master
      x-xss-protection:
      - 1; mode=block
    status:
      code: 200
      message: OK
- request:
    body: '{"batch": {"shipments": [{"to_address": {"name": "Dr. Steve Brule", "street1":
      "179 N Harbor Dr", "city": "Redondo Beach", "state": "CA", "zip": "90277", "country":
      "US", "phone": "8573875756", "email": "dr_steve_brule@gmail.com"}, "from_address":
      {"name": "EasyPost", "street1": "417 Montgomery Street", "street2": "5th Floor",
      "city": "San Francisco", "state": "CA", "zip": "94104", "country": "US", "phone":
      "4153334445", "email": "support@easypost.com"}, "parcel": {"length": "20.2",
      "width": "10.9", "height": "5", "weight": "65.9"}, "customs_info": {"customs_certify":
      "true", "customs_signer": "Steve Brule", "contents_type": "merchandise", "contents_explanation":
      "", "restriction_type": "none", "eel_pfc": "NOEEI 30.37(a)", "customs_items":
      [{"description": "T-shirt", "quantity": "1", "weight": "5", "value": "10", "code":
      "123", "hs_tariff_number": "123456", "origin_country": "US"}]}, "service": "Priority",
      "carrier": "USPS", "carrier_accounts": ["ca_b25657e9896e4d63ac8151ac346ac41e"]}]}}'
    headers:
      Accept:
      - '*/*'
      Accept-Encoding:
      - gzip, deflate
      Connection:
      - keep-alive
      Content-Length:
      - '1002'
      Content-Type:
      - application/json
      authorization:
      - <REDACTED>
      user-agent:
      - <REDACTED>
    method: POST
    uri: https://api.easypost.com/v2/batches
  response:
    body:
      string: '{"id": "batch_63b025d727c34a219545ad4d4fdc5b4b", "object": "Batch",
        "mode": "test", "state": "creating", "num_shipments": 1, "reference": null,
        "created_at": "2024-01-19T22:02:57Z", "updated_at": "2024-01-19T22:02:57Z",
        "scan_form": null, "shipments": [], "status": {"created": 0, "queued_for_purchase":
        0, "creation_failed": 0, "postage_purchased": 0, "postage_purchase_failed":
        0}, "pickup": null, "label_url": null}'
    headers:
      cache-control:
      - private, no-cache, no-store
      content-length:
      - '384'
      content-type:
      - application/json; charset=utf-8
      expires:
      - '0'
      pragma:
      - no-cache
      referrer-policy:
      - strict-origin-when-cross-origin
      strict-transport-security:
      - max-age=31536000; includeSubDomains; preload
      transfer-encoding:
      - chunked
      x-backend:
      - easypost
      x-content-type-options:
      - nosniff
      x-download-options:
      - noopen
      x-ep-request-uuid:
      - 479b01f565aaf191e798cc1700105143
      x-frame-options:
      - SAMEORIGIN
      x-node:
      - bigweb39nuq
      x-permitted-cross-domain-policies:
      - none
      x-proxied:
      - intlb2nuq 1a7e326d32
      - extlb2nuq 003ad9bca0
      x-runtime:
      - '0.042919'
      x-version-label:
      - easypost-202401192104-eb5201a879-master
      x-xss-protection:
      - 1; mode=block
    status:
      code: 200
      message: OK
- request:
    body: '{"batch": {"shipments": [{"to_address": {"name": "Dr. Steve Brule", "street1":
      "179 N Harbor Dr", "city": "Redondo Beach", "state": "CA", "zip": "90277", "country":
      "US", "phone": "8573875756", "email": "dr_steve_brule@gmail.com"}, "from_address":
      {"name": "EasyPost", "street1": "417 Montgomery Street", "street2": "5th Floor",
      "city": "San Francisco", "state": "CA", "zip": "94104", "country": "US", "phone":
      "4153334445", "email": "support@easypost.com"}, "parcel": {"length": "20.2",
      "width": "10.9", "height": "5", "weight": "65.9"}, "customs_info": {"customs_certify":
      "true", "customs_signer": "Steve Brule", "contents_type": "merchandise", "contents_explanation":
      "", "restriction_type": "none", "eel_pfc": "NOEEI 30.37(a)", "customs_items":
      [{"description": "T-shirt", "quantity": "1", "weight": "5", "value": "10", "code":
      "123", "hs_tariff_number": "123456", "origin_country": "US"}]}, "service": "Priority",
      "carrier": "USPS", "carrier_accounts": ["ca_b25657e9896e4d63ac8151ac346ac41e"]}]}}'
    headers:
      Accept:
      - '*/*'
      Accept-Encoding:
      - gzip, deflate
      Connection:
      - keep-alive
      Content-Length:
      - '1002'
      Content-Type:
      - application/json
      authorization:
      - <REDACTED>
      user-agent:
      - <REDACTED>
    method: POST
    uri: https://api.easypost.com/v2/batches
  response:
    body:
      string: '{"id": "batch_f4adc26e9ade48db9aec8b8917dfa6a9", "object": "Batch",
        "mode": "test", "state": "creating", "num_shipments": 1, "reference": null,
        "created_at": "2024-01-19T22:03:20Z", "updated_at": "2024-01-19T22:03:20Z",
        "scan_form": null, "shipments": [], "status": {"created": 0, "queued_for_purchase":
        0, "creation_failed": 0, "postage_purchased": 0, "postage_purchase_failed":
        0}, "pickup": null, "label_url": null}'
    headers:
      cache-control:
      - private, no-cache, no-store
      content-length:
      - '384'
      content-type:
      - application/json; charset=utf-8
      expires:
      - '0'
      pragma:
      - no-cache
      referrer-policy:
      - strict-origin-when-cross-origin
      strict-transport-security:
      - max-age=31536000; includeSubDomains; preload
      transfer-encoding:
      - chunked
      x-backend:
      - easypost
      x-canary:
      - direct
      x-content-type-options:
      - nosniff
      x-download-options:
      - noopen
      x-ep-request-uuid:
      - 479b01f765aaf1a8e798cc820010638d
      x-frame-options:
      - SAMEORIGIN
      x-node:
      - bigweb43nuq
      x-permitted-cross-domain-policies:
      - none
      x-proxied:
      - intlb2nuq 1a7e326d32
      - extlb2nuq 003ad9bca0
      x-runtime:
      - '0.046456'
      x-version-label:
      - easypost-202401192104-eb5201a879-master
      x-xss-protection:
      - 1; mode=block
    status:
      code: 200
      message: OK
- request:
    body: '{"batch": {"shipments": [{"to_address": {"name": "Dr. Steve Brule", "street1":
      "179 N Harbor Dr", "city": "Redondo Beach", "state": "CA", "zip": "90277", "country":
      "US", "phone": "8573875756", "email": "dr_steve_brule@gmail.com"}, "from_address":
      {"name": "EasyPost", "street1": "417 Montgomery Street", "street2": "5th Floor",
      "city": "San Francisco", "state": "CA", "zip": "94104", "country": "US", "phone":
      "4153334445", "email": "support@easypost.com"}, "parcel": {"length": "20.2",
      "width": "10.9", "height": "5", "weight": "65.9"}, "customs_info": {"customs_certify":
      "true", "customs_signer": "Steve Brule", "contents_type": "merchandise", "contents_explanation":
      "", "restriction_type": "none", "eel_pfc": "NOEEI 30.37(a)", "customs_items":
      [{"description": "T-shirt", "quantity": "1", "weight": "5", "value": "10", "code":
      "123", "hs_tariff_number": "123456", "origin_country": "US"}]}, "service": "Priority",
      "carrier": "USPS", "carrier_accounts": ["ca_b25657e9896e4d63ac8151ac346ac41e"]}]}}'
    headers:
      Accept:
      - '*/*'
      Accept-Encoding:
      - gzip, deflate
      Connection:
      - keep-alive
      Content-Length:
      - '1002'
      Content-Type:
      - application/json
      authorization:
      - <REDACTED>
      user-agent:
      - <REDACTED>
    method: POST
    uri: https://api.easypost.com/v2/batches
  response:
    body:
      string: '{"id": "batch_fe7fa7055cc845fab338a6d7502151cd", "object": "Batch",
        "mode": "test", "state": "creating", "num_shipments": 1, "reference": null,
        "created_at": "2024-01-19T22:06:12Z", "updated_at": "2024-01-19T22:06:12Z",
        "scan_form": null, "shipments": [], "status": {"created": 0, "queued_for_purchase":
        0, "creation_failed": 0, "postage_purchased": 0, "postage_purchase_failed":
        0}, "pickup": null, "label_url": null}'
    headers:
      cache-control:
      - private, no-cache, no-store
      content-length:
      - '384'
      content-type:
      - application/json; charset=utf-8
      expires:
      - '0'
      pragma:
      - no-cache
      referrer-policy:
      - strict-origin-when-cross-origin
      strict-transport-security:
      - max-age=31536000; includeSubDomains; preload
      transfer-encoding:
      - chunked
      x-backend:
      - easypost
      x-content-type-options:
      - nosniff
      x-download-options:
      - noopen
      x-ep-request-uuid:
      - 479b01f265aaf254e798d1640010da23
      x-frame-options:
      - SAMEORIGIN
      x-node:
      - bigweb39nuq
      x-permitted-cross-domain-policies:
      - none
      x-proxied:
      - intlb2nuq 1a7e326d32
      - extlb2nuq 003ad9bca0
      x-runtime:
      - '0.064160'
      x-version-label:
      - easypost-202401192104-eb5201a879-master
      x-xss-protection:
      - 1; mode=block
    status:
      code: 200
      message: OK
- request:
    body: '{"batch": {"shipments": [{"to_address": {"name": "Dr. Steve Brule", "street1":
      "179 N Harbor Dr", "city": "Redondo Beach", "state": "CA", "zip": "90277", "country":
      "US", "phone": "8573875756", "email": "dr_steve_brule@gmail.com"}, "from_address":
      {"name": "EasyPost", "street1": "417 Montgomery Street", "street2": "5th Floor",
      "city": "San Francisco", "state": "CA", "zip": "94104", "country": "US", "phone":
      "4153334445", "email": "support@easypost.com"}, "parcel": {"length": "20.2",
      "width": "10.9", "height": "5", "weight": "65.9"}, "customs_info": {"customs_certify":
      "true", "customs_signer": "Steve Brule", "contents_type": "merchandise", "contents_explanation":
      "", "restriction_type": "none", "eel_pfc": "NOEEI 30.37(a)", "customs_items":
      [{"description": "T-shirt", "quantity": "1", "weight": "5", "value": "10", "code":
      "123", "hs_tariff_number": "123456", "origin_country": "US"}]}, "service": "Priority",
      "carrier": "USPS", "carrier_accounts": ["ca_b25657e9896e4d63ac8151ac346ac41e"]}]}}'
    headers:
      Accept:
      - '*/*'
      Accept-Encoding:
      - gzip, deflate
      Connection:
      - keep-alive
      Content-Length:
      - '1002'
      Content-Type:
      - application/json
      authorization:
      - <REDACTED>
      user-agent:
      - <REDACTED>
    method: POST
    uri: https://api.easypost.com/v2/batches
  response:
    body:
      string: '{"id": "batch_1440c9361814491d81a8403b5c8699df", "object": "Batch",
        "mode": "test", "state": "creating", "num_shipments": 1, "reference": null,
        "created_at": "2024-01-19T23:38:16Z", "updated_at": "2024-01-19T23:38:16Z",
        "scan_form": null, "shipments": [], "status": {"created": 0, "queued_for_purchase":
        0, "creation_failed": 0, "postage_purchased": 0, "postage_purchase_failed":
        0}, "pickup": null, "label_url": null}'
    headers:
      cache-control:
      - private, no-cache, no-store
      content-length:
      - '384'
      content-type:
      - application/json; charset=utf-8
      expires:
      - '0'
      pragma:
      - no-cache
      referrer-policy:
      - strict-origin-when-cross-origin
      strict-transport-security:
      - max-age=31536000; includeSubDomains; preload
      transfer-encoding:
      - chunked
      x-backend:
      - easypost
      x-content-type-options:
      - nosniff
      x-download-options:
      - noopen
      x-ep-request-uuid:
      - 479b01f865ab07e8e799e55d001d7351
      x-frame-options:
      - SAMEORIGIN
      x-node:
      - bigweb38nuq
      x-permitted-cross-domain-policies:
      - none
      x-proxied:
      - intlb2nuq 1a7e326d32
      - extlb2nuq 003ad9bca0
      x-runtime:
      - '0.051125'
      x-version-label:
      - easypost-202401192104-eb5201a879-master
      x-xss-protection:
      - 1; mode=block
    status:
      code: 200
      message: OK
version: 1
